// Jest Snapshot v1, https://goo.gl/fbAQLP

exports[`game state parser should match snapshot 1`] = `
Object {
  "blueprint": Immutable.List [
    Immutable.List [
        Immutable.Map {
            sides: 5,
        },
        Immutable.Map {
            sides: 5,
        },
        Immutable.Map {
            sides: 6,
        },
    ],
    Immutable.List [
        Immutable.Map {
            sides: 4,
        },
        Immutable.Map {
            sides: 4,
        },
        Immutable.Map {
            sides: 6,
        },
    ],
    Immutable.List [
        Immutable.Map {
            sides: 12,
        },
        Immutable.Map {
            sides: 12,
        },
        Immutable.Map {
            sides: 15,
        },
    ],
],
  "charactersPosition": Immutable.Map {
    pony: Object {
        "x": 0,
        "y": 1,
      },
    domokun: Object {
        "x": 1,
        "y": 2,
      },
    exit: Object {
        "x": 2,
        "y": 2,
      },
},
  "gameStatus": "ACTIVE",
  "height": 3,
  "mazeId": "c6d8aefa-23fb-42a3-8eeb-347ab807de0d",
  "width": 3,
}
`;
